app/bookings/[id]/review/page.tsx(96,31): error TS2339: Property 'data' does not exist on type 'BookingResponse'.
app/bookings/[id]/review/page.tsx(110,24): error TS2339: Property 'data' does not exist on type 'BookingResponse'.
app/bookings/[id]/review/page.tsx(261,10): error TS2741: Property 'children' is missing in type '{}' but required in type 'CinematicBackgroundProps'.
app/bookings/confirmation/page.tsx(845,30): error TS2339: Property 'data' does not exist on type 'BookingResponse'.
app/dashboard/admin/page.tsx(71,77): error TS2304: Cannot find name 'TrendingDown'.
app/dashboard/guide/complete-profile/page.tsx(90,17): error TS2339: Property 'fullName' does not exist on type 'AxiosResponse<any, any, {}>'.
app/dashboard/guide/complete-profile/page.tsx(90,43): error TS2339: Property 'fullName' does not exist on type 'AxiosResponse<any, any, {}>'.
app/dashboard/guide/complete-profile/page.tsx(91,17): error TS2339: Property 'phoneE164' does not exist on type 'AxiosResponse<any, any, {}>'.
app/dashboard/guide/complete-profile/page.tsx(91,44): error TS2339: Property 'phoneE164' does not exist on type 'AxiosResponse<any, any, {}>'.
app/dashboard/guide/complete-profile/page.tsx(92,17): error TS2339: Property 'country' does not exist on type 'AxiosResponse<any, any, {}>'.
app/dashboard/guide/complete-profile/page.tsx(92,42): error TS2339: Property 'country' does not exist on type 'AxiosResponse<any, any, {}>'.
app/dashboard/guide/complete-profile/page.tsx(93,17): error TS2339: Property 'city' does not exist on type 'AxiosResponse<any, any, {}>'.
app/dashboard/guide/complete-profile/page.tsx(93,39): error TS2339: Property 'city' does not exist on type 'AxiosResponse<any, any, {}>'.
app/dashboard/guide/complete-profile/page.tsx(94,17): error TS2339: Property 'bio' does not exist on type 'AxiosResponse<any, any, {}>'.
app/dashboard/guide/complete-profile/page.tsx(94,38): error TS2339: Property 'bio' does not exist on type 'AxiosResponse<any, any, {}>'.
app/dashboard/guide/complete-profile/page.tsx(95,17): error TS2339: Property 'languages' does not exist on type 'AxiosResponse<any, any, {}>'.
app/dashboard/guide/complete-profile/page.tsx(96,15): error TS2339: Property 'languages' does not exist on type 'AxiosResponse<any, any, {}>'.
app/dashboard/guide/complete-profile/page.tsx(98,17): error TS2339: Property 'expertise' does not exist on type 'AxiosResponse<any, any, {}>'.
app/dashboard/guide/complete-profile/page.tsx(98,44): error TS2339: Property 'expertise' does not exist on type 'AxiosResponse<any, any, {}>'.
app/dashboard/guide/on-tour/[bookingId]/page.tsx(41,27): error TS2305: Module '"@/src/lib/api/tours"' has no exported member 'checkInBooking'.
app/messages/new/page.tsx(359,26): error TS2304: Cannot find name 'handleSend'.
src/components/guides/GuideToursGrid.tsx(20,27): error TS2339: Property 'data' does not exist on type 'GuidePortfolioTourResponse[]'.
src/components/tour-detail/BookingCardWrapper.tsx(87,31): error TS2339: Property 'data' does not exist on type 'PublicTourDetailResponse'.
src/components/tour-detail/BookingCardWrapper.tsx(88,38): error TS2339: Property 'data' does not exist on type 'PublicTourDetailResponse'.
src/components/tour-detail/BookingCardWrapper.tsx(147,52): error TS2339: Property 'data' does not exist on type 'BookingResponse'.
src/components/tour-detail/BookingCardWrapper.tsx(221,52): error TS2339: Property 'data' does not exist on type 'BookingResponse'.
src/components/tour-detail/BookingCardWrapper.tsx(288,68): error TS2554: Expected 1 arguments, but got 2.
src/components/tour-detail/BookingCardWrapper.tsx(327,15): error TS2339: Property 'data' does not exist on type 'BookingResponse'.
src/components/tour-detail/BookingCardWrapper.tsx(351,38): error TS2345: Argument of type 'string' is not assignable to parameter of type '{ reason: string; }'.
src/components/tour-detail/ReviewList.tsx(69,25): error TS2339: Property 'data' does not exist on type 'ReviewSummaryResponse'.
src/components/tour-detail/ReviewList.tsx(70,36): error TS2339: Property 'data' does not exist on type 'ReviewSummaryResponse'.
src/components/tour-detail/ReviewList.tsx(104,29): error TS2339: Property 'data' does not exist on type 'ReviewSummaryResponse'.
src/components/tour-detail/ReviewList.tsx(105,48): error TS2339: Property 'data' does not exist on type 'ReviewSummaryResponse'.
src/components/tour-detail/ReviewList.tsx(171,46): error TS2339: Property 'data' does not exist on type 'ToggleHelpfulResponse'.
src/components/tour-detail/ReviewList.tsx(172,43): error TS2339: Property 'data' does not exist on type 'ToggleHelpfulResponse'.
src/components/tour-detail/ReviewList.tsx(178,34): error TS2339: Property 'data' does not exist on type 'ToggleHelpfulResponse'.
src/components/tour-detail/ReviewList.tsx(202,45): error TS2339: Property 'data' does not exist on type 'ReviewResponse'.
src/components/tour-detail/ReviewList.tsx(203,47): error TS2339: Property 'data' does not exist on type 'ReviewResponse'.
src/components/ui/tour-card.tsx(110,8): error TS2322: Type '{ children: Element[]; defaultChecked?: boolean | undefined; defaultValue?: string | number | readonly string[] | undefined; suppressContentEditableWarning?: boolean | undefined; suppressHydrationWarning?: boolean | undefined; ... 278 more ...; className: string; }' is not assignable to type 'Omit<HTMLMotionProps<"div">, "ref">'.
  Types of property 'onDrag' are incompatible.
    Type 'DragEventHandler<HTMLDivElement> | undefined' is not assignable to type '((event: PointerEvent | MouseEvent | TouchEvent, info: PanInfo) => void) | undefined'.
      Type 'DragEventHandler<HTMLDivElement>' is not assignable to type '(event: PointerEvent | MouseEvent | TouchEvent, info: PanInfo) => void'.
        Types of parameters 'event' and 'event' are incompatible.
          Type 'PointerEvent | MouseEvent | TouchEvent' is not assignable to type 'DragEvent<HTMLDivElement>'.
            Type 'PointerEvent' is missing the following properties from type 'DragEvent<HTMLDivElement>': dataTransfer, nativeEvent, isDefaultPrevented, isPropagationStopped, persist
src/lib/hooks/useTourDetail.ts(210,26): error TS2304: Cannot find name 'getTourById'.
src/lib/hooks/useTourDetail.ts(243,41): error TS2345: Argument of type '{ tourId: string; page: number; limit: number; sortBy: string; }' is not assignable to parameter of type 'string | number'.
src/lib/hooks/useTourDetail.ts(250,18): error TS2345: Argument of type 'ReviewSummaryResponse' is not assignable to parameter of type 'SetStateAction<PaginatedResponse<ReviewDetail> | null>'.
src/lib/hooks/useTourDetail.ts(277,23): error TS2345: Argument of type 'PublicTourCardResponse[] | never[]' is not assignable to parameter of type 'SetStateAction<TourDetail[]>'.
  Type 'PublicTourCardResponse[]' is not assignable to type 'SetStateAction<TourDetail[]>'.
    Type 'PublicTourCardResponse[]' is not assignable to type 'TourDetail[]'.
      Type 'PublicTourCardResponse' is missing the following properties from type 'TourDetail': description, location, country, duration, and 25 more.
